[backblue.gif]
[fade.gif]
[index.html]
[heroyooi.ivyro.net/admin/jQuery/common/js/jquery.min.js]
[heroyooi.ivyro.net/admin/jQuery/common/js/masonry.pkgd.js]
[heroyooi.ivyro.net/admin/jQuery/index.html]
[heroyooi.ivyro.net/admin/jQuery/common/css/reset.css]
[heroyooi.ivyro.net/admin/jQuery/gnb/gnb1.html]
[heroyooi.ivyro.net/admin/jQuery/gnb/gnb2.html]
[heroyooi.ivyro.net/admin/jQuery/gnb/gnb3.html]
[heroyooi.ivyro.net/admin/jQuery/common/js/jquery.slimscroll.min.js]
[heroyooi.ivyro.net/admin/jQuery/common/js/jquery.fullPage.js]
[heroyooi.ivyro.net/admin/jQuery/gnb/gnb4.html]
[heroyooi.ivyro.net/admin/jQuery/common/js/swiper.js]
[heroyooi.ivyro.net/admin/jQuery/gnb/img/main_bnr01.jpg]
[heroyooi.ivyro.net/admin/jQuery/gnb/img/main_bnr02.jpg]
[heroyooi.ivyro.net/admin/jQuery/gnb/img/btn_more.png]
[heroyooi.ivyro.net/admin/jQuery/gnb/img/main_visual.jpg]
[heroyooi.ivyro.net/admin/jQuery/gnb/img/main_bnr_btn.png]
[heroyooi.ivyro.net/admin/jQuery/gnb/img/main_bnr03_bg.png]
[heroyooi.ivyro.net/admin/jQuery/gnb/img/best_img01.jpg]
[heroyooi.ivyro.net/admin/jQuery/gnb/img/best_img02.jpg]
[heroyooi.ivyro.net/admin/jQuery/gnb/img/best_img03.jpg]
[heroyooi.ivyro.net/admin/jQuery/gnb/img/md_img01.jpg]
[heroyooi.ivyro.net/admin/jQuery/gnb/img/md_img02.jpg]
[heroyooi.ivyro.net/admin/jQuery/gnb/img/md_img03.jpg]
[heroyooi.ivyro.net/admin/jQuery/gnb/img/md_img04.jpg]
[heroyooi.ivyro.net/admin/jQuery/gnb/swipe.html]
[heroyooi.ivyro.net/admin/jQuery/common/js/jquery.easing.js]
[heroyooi.ivyro.net/admin/jQuery/common/js/jquery.mousewheel.js]
[heroyooi.ivyro.net/admin/jQuery/gnb/swipe2.html]
[heroyooi.ivyro.net/admin/jQuery/common/js/swiper.min.js]
[heroyooi.ivyro.net/admin/jQuery/gnb/swipe_cookie.html]
[heroyooi.ivyro.net/admin/jQuery/common/js/jquery.lazyloadxt.min.js]
[heroyooi.ivyro.net/admin/jQuery/common/js/jquery.lazyloadxt.bg.min.js]
[heroyooi.ivyro.net/admin/jQuery/gnb/swipe_renew.html]
[heroyooi.ivyro.net/admin/jQuery/gnb/swipe_renew2.html]
[heroyooi.ivyro.net/admin/jQuery/common/js/gooey.min.js]
[heroyooi.ivyro.net/admin/jQuery/gnb/gooey.html]
[heroyooi.ivyro.net/admin/jQuery/gnb/wheel_menu.html]
[heroyooi.ivyro.net/admin/jQuery/common/js/jquery.wheelmenu.js]
[heroyooi.ivyro.net/admin/jQuery/common/js/jquery.menu-aim.js]
[heroyooi.ivyro.net/admin/jQuery/gnb/menu_aim.html]
[heroyooi.ivyro.net/admin/jQuery/gnb/appmenu.html]
[heroyooi.ivyro.net/admin/jQuery/common/js/TweenMax.js]
[heroyooi.ivyro.net/admin/jQuery/gnb/mob_fixmenu.html]
[heroyooi.ivyro.net/admin/jQuery/gnb/js/scrollFixed.js]
[heroyooi.ivyro.net/admin/jQuery/gnb/js/common.js]
[heroyooi.ivyro.net/admin/jQuery/gnb/mob_fixmenu2.html]
[heroyooi.ivyro.net/admin/jQuery/slider/img/hanssem/favicon.ico]
[heroyooi.ivyro.net/admin/jQuery/common/js/jquery.bxslider.js]
[heroyooi.ivyro.net/admin/jQuery/slider/img/hanssem/con_shadow_bg.png]
[heroyooi.ivyro.net/admin/jQuery/slider/img/hanssem/pro_sample01.jpg]
[heroyooi.ivyro.net/admin/jQuery/slider/img/hanssem/pro_sample02.jpg]
[heroyooi.ivyro.net/admin/jQuery/slider/img/hanssem/pro_sample03.jpg]
[heroyooi.ivyro.net/admin/jQuery/slider/img/hanssem/slide_num_bar.png]
[heroyooi.ivyro.net/admin/jQuery/slider/bxslider1.html]
[heroyooi.ivyro.net/admin/jQuery/slider/img/bxslider/slide_dimm.png]
[heroyooi.ivyro.net/admin/jQuery/slider/img/bxslider/slide_pager_off.png]
[heroyooi.ivyro.net/admin/jQuery/slider/img/bxslider/slide_pager_on.png]
[heroyooi.ivyro.net/admin/jQuery/slider/img/bxslider/main_visual01.jpg]
[heroyooi.ivyro.net/admin/jQuery/slider/img/bxslider/main_visual02.jpg]
[heroyooi.ivyro.net/admin/jQuery/slider/img/bxslider/main_visual03.jpg]
[heroyooi.ivyro.net/admin/jQuery/slider/img/bxslider/slide_prev.png]
[heroyooi.ivyro.net/admin/jQuery/slider/img/bxslider/slide_next.png]
[heroyooi.ivyro.net/admin/jQuery/slider/bxslider2.html]
[heroyooi.ivyro.net/admin/jQuery/slider/img/bxslider/b_prev.png]
[heroyooi.ivyro.net/admin/jQuery/slider/img/bxslider/b_next.png]
[heroyooi.ivyro.net/admin/jQuery/slider/img/bxslider/b_prev_on.png]
[heroyooi.ivyro.net/admin/jQuery/slider/img/bxslider/b_next_on.png]
[heroyooi.ivyro.net/admin/jQuery/slider/img/bxslider/standard_single_img01.jpg]
[heroyooi.ivyro.net/admin/jQuery/slider/img/bxslider/standard_single_img02.jpg]
[heroyooi.ivyro.net/admin/jQuery/slider/img/bxslider/standard_single_img03.jpg]
[heroyooi.ivyro.net/admin/jQuery/slider/img/bxslider/fullscreen_close_btn.gif]
[heroyooi.ivyro.net/admin/jQuery/slider/bxslider3.html]
[heroyooi.ivyro.net/admin/jQuery/slider/img/bxslider/bg_alpha.png]
[heroyooi.ivyro.net/admin/jQuery/slider/img/bxslider/btn/btn_rollPrev.png]
[heroyooi.ivyro.net/admin/jQuery/slider/img/bxslider/btn/btn_rollPrev_over.png]
[heroyooi.ivyro.net/admin/jQuery/slider/img/bxslider/btn/btn_rollNext.png]
[heroyooi.ivyro.net/admin/jQuery/slider/img/bxslider/btn/btn_rollNext_over.png]
[heroyooi.ivyro.net/admin/jQuery/slider/img/bxslider/btn/btn_play.png]
[heroyooi.ivyro.net/admin/jQuery/slider/img/bxslider/btn/btn_play_over.png]
[heroyooi.ivyro.net/admin/jQuery/slider/img/bxslider/btn/btn_pause.png]
[heroyooi.ivyro.net/admin/jQuery/slider/img/bxslider/btn/btn_pause_over.png]
[heroyooi.ivyro.net/admin/jQuery/slider/img/bxslider/btn/btn_play_on.png]
[heroyooi.ivyro.net/admin/jQuery/slider/img/bxslider/btn/btn_pause_on.png]
[heroyooi.ivyro.net/admin/jQuery/slider/img/bxslider/bg_alpha02.png]
[heroyooi.ivyro.net/admin/jQuery/slider/img/bxslider/btn/btn_rollPrev_b.png]
[heroyooi.ivyro.net/admin/jQuery/slider/img/bxslider/btn/btn_rollPrev_b_over.png]
[heroyooi.ivyro.net/admin/jQuery/slider/img/bxslider/btn/btn_rollNext_b.png]
[heroyooi.ivyro.net/admin/jQuery/slider/img/bxslider/btn/btn_rollNext_b_over.png]
[heroyooi.ivyro.net/admin/jQuery/slider/img/bxslider/btn/btn_play_b.png]
[heroyooi.ivyro.net/admin/jQuery/slider/img/bxslider/btn/btn_play_b_over.png]
[heroyooi.ivyro.net/admin/jQuery/slider/img/bxslider/btn/btn_pause_b.png]
[heroyooi.ivyro.net/admin/jQuery/slider/img/bxslider/btn/btn_pause_b_over.png]
[heroyooi.ivyro.net/admin/jQuery/slider/img/bxslider/btn/btn_play_b_on.png]
[heroyooi.ivyro.net/admin/jQuery/slider/img/bxslider/btn/btn_pause_b_on.png]
[heroyooi.ivyro.net/admin/jQuery/slider/img/bxslider/btn/icon_arror05.png]
[heroyooi.ivyro.net/admin/jQuery/slider/img/bxslider/mv1.jpg]
[heroyooi.ivyro.net/admin/jQuery/slider/img/bxslider/mv2.jpg]
[heroyooi.ivyro.net/admin/jQuery/slider/img/bxslider/mv3.jpg]
[heroyooi.ivyro.net/admin/jQuery/slider/bxslider4.html]
[heroyooi.ivyro.net/admin/jQuery/slider/img/bxslider/pager_off.png]
[heroyooi.ivyro.net/admin/jQuery/slider/img/bxslider/pager_on.png]
[heroyooi.ivyro.net/admin/jQuery/slider/img/bxslider/btn_stop.png]
[heroyooi.ivyro.net/admin/jQuery/slider/img/bxslider/btn_play.png]
[heroyooi.ivyro.net/admin/jQuery/slider/img/bxslider/mvis1.jpg]
[heroyooi.ivyro.net/admin/jQuery/slider/img/bxslider/mvis2.jpg]
[heroyooi.ivyro.net/admin/jQuery/slider/img/bxslider/mvis3.jpg]
[heroyooi.ivyro.net/admin/jQuery/slider/img/bxslider/mvis4.jpg]
[heroyooi.ivyro.net/admin/jQuery/slider/bxslider5.html]
[heroyooi.ivyro.net/admin/jQuery/slider/images/pager_off.png]
[heroyooi.ivyro.net/admin/jQuery/slider/images/pager_on.png]
[heroyooi.ivyro.net/admin/jQuery/slider/images/mc_bg.jpg]
[heroyooi.ivyro.net/admin/jQuery/slider/images/mvis1.jpg]
[heroyooi.ivyro.net/admin/jQuery/slider/images/mvis2.jpg]
[heroyooi.ivyro.net/admin/jQuery/slider/images/btn_prev.png]
[heroyooi.ivyro.net/admin/jQuery/slider/images/btn_next.png]
[heroyooi.ivyro.net/admin/jQuery/slider/images/mc_con1.png]
[heroyooi.ivyro.net/admin/jQuery/slider/images/mc_con2.png]
[heroyooi.ivyro.net/admin/jQuery/slider/images/mc_con3.png]
[heroyooi.ivyro.net/admin/jQuery/slider/images/mc_con4.png]
[heroyooi.ivyro.net/admin/jQuery/slider/images/mc_con5.png]
[heroyooi.ivyro.net/admin/jQuery/slider/images/mc_con6.png]
[heroyooi.ivyro.net/admin/jQuery/slider/images/mc_con7.png]
[heroyooi.ivyro.net/admin/jQuery/slider/bxslider6.html]
[heroyooi.ivyro.net/admin/jQuery/slider/bxslider7.html]
[heroyooi.ivyro.net/admin/jQuery/slider/img/swiper/pager_off.png]
[heroyooi.ivyro.net/admin/jQuery/slider/img/swiper/pager_on.png]
[heroyooi.ivyro.net/admin/jQuery/slider/img/swiper/btn_prev.png]
[heroyooi.ivyro.net/admin/jQuery/slider/img/swiper/btn_next.png]
[heroyooi.ivyro.net/admin/jQuery/slider/img/swiper/main_visual.jpg]
[heroyooi.ivyro.net/admin/jQuery/slider/swiper1.html]
[heroyooi.ivyro.net/admin/jQuery/slider/img/swiper/sdr01-1.jpg]
[heroyooi.ivyro.net/admin/jQuery/slider/img/swiper/sdr01-2.jpg]
[heroyooi.ivyro.net/admin/jQuery/slider/img/swiper/sdr01-3.jpg]
[heroyooi.ivyro.net/admin/jQuery/slider/img/swiper/sdr01-4.jpg]
[heroyooi.ivyro.net/admin/jQuery/slider/img/swiper/sdr01-5.jpg]
[heroyooi.ivyro.net/admin/jQuery/slider/img/swiper/sdr01-6.jpg]
[heroyooi.ivyro.net/admin/jQuery/slider/img/swiper/sdr01-7.jpg]
[heroyooi.ivyro.net/admin/jQuery/slider/img/swiper/sdr01-8.jpg]
[heroyooi.ivyro.net/admin/jQuery/slider/swiper2.html]
[heroyooi.ivyro.net/admin/jQuery/slider/img/swiper/msl1.jpg]
[heroyooi.ivyro.net/admin/jQuery/slider/img/swiper/msl2.jpg]
[heroyooi.ivyro.net/admin/jQuery/slider/img/swiper/msl3.jpg]
[heroyooi.ivyro.net/admin/jQuery/slider/img/swiper/msl4.jpg]
[heroyooi.ivyro.net/admin/jQuery/slider/img/swiper/msl5.jpg]
[heroyooi.ivyro.net/admin/jQuery/slider/img/swiper/msl6.jpg]
[heroyooi.ivyro.net/admin/jQuery/slider/img/swiper/msl7.jpg]
[heroyooi.ivyro.net/admin/jQuery/slider/img/swiper/msl8.jpg]
[heroyooi.ivyro.net/admin/jQuery/slider/img/swiper/msl9.jpg]
[heroyooi.ivyro.net/admin/jQuery/slider/img/swiper/msl10.jpg]
[heroyooi.ivyro.net/admin/jQuery/slider/img/swiper/msl11.jpg]
[heroyooi.ivyro.net/admin/jQuery/slider/swiper3.html]
[heroyooi.ivyro.net/admin/jQuery/slider/img/swiper/life_bg01.png]
[heroyooi.ivyro.net/admin/jQuery/slider/img/swiper/life_bg02.png]
[heroyooi.ivyro.net/admin/jQuery/slider/img/swiper/life_bg03.png]
[heroyooi.ivyro.net/admin/jQuery/slider/img/swiper/pager_prev.png]
[heroyooi.ivyro.net/admin/jQuery/slider/img/swiper/pager_next.png]
[heroyooi.ivyro.net/admin/jQuery/slider/img/swiper/life_img01.jpg]
[heroyooi.ivyro.net/admin/jQuery/slider/img/swiper/life_img02.jpg]
[heroyooi.ivyro.net/admin/jQuery/slider/img/swiper/life_img03.jpg]
[heroyooi.ivyro.net/admin/jQuery/slider/swiper4.html]
[heroyooi.ivyro.net/admin/jQuery/slider/img/img_mo_pickershop_insta_v2.png]
[heroyooi.ivyro.net/admin/jQuery/slider/img/img_mo_pickershop_insta_v1.png]
[heroyooi.ivyro.net/admin/jQuery/slider/img/img_mo_play.png]
[s3.ap-northeast-2.amazonaws.com/owho/data/file/mystyle/thumb-2950631903_bayqMsfC_25ff9d6826e0d9064f5237a9b2074469586b2f8d_800x800.jpg]
[heroyooi.ivyro.net/admin/jQuery/slider/swiper_video.html]
[heroyooi.ivyro.net/admin/jQuery/common/js/idangerous.swiper-2.0.min.js]
[heroyooi.ivyro.net/admin/jQuery/slider/img/idangerous/btn_pre.png]
[heroyooi.ivyro.net/admin/jQuery/slider/img/idangerous/btn_next.png]
[heroyooi.ivyro.net/admin/jQuery/slider/img/idangerous/btn_pre_on.png]
[heroyooi.ivyro.net/admin/jQuery/slider/img/idangerous/btn_next_on.png]
[heroyooi.ivyro.net/admin/jQuery/slider/img/idangerous/pop_slideimg1.png]
[heroyooi.ivyro.net/admin/jQuery/slider/idangerous.html]
[heroyooi.ivyro.net/admin/jQuery/common/js/js-image-slider.js]
[heroyooi.ivyro.net/admin/jQuery/slider/img/random/main_img01.jpg]
[heroyooi.ivyro.net/admin/jQuery/slider/img/random/main_img02.jpg]
[heroyooi.ivyro.net/admin/jQuery/slider/img/random/main_img03.jpg]
[heroyooi.ivyro.net/admin/jQuery/slider/img/random/main_img04.jpg]
[heroyooi.ivyro.net/admin/jQuery/slider/img/random/main_img05.jpg]
[heroyooi.ivyro.net/admin/jQuery/slider/random.html]
[heroyooi.ivyro.net/admin/jQuery/common/js/owl.carousel.js]
[heroyooi.ivyro.net/admin/jQuery/slider/img/owl/owl1.jpg]
[heroyooi.ivyro.net/admin/jQuery/slider/img/owl/owl2.jpg]
[heroyooi.ivyro.net/admin/jQuery/slider/img/owl/owl3.jpg]
[heroyooi.ivyro.net/admin/jQuery/slider/img/owl/owl4.jpg]
[heroyooi.ivyro.net/admin/jQuery/slider/img/owl/owl5.jpg]
[heroyooi.ivyro.net/admin/jQuery/slider/img/owl/owl6.jpg]
[heroyooi.ivyro.net/admin/jQuery/slider/img/owl/owl7.jpg]
[heroyooi.ivyro.net/admin/jQuery/slider/img/owl/owl8.jpg]
[heroyooi.ivyro.net/admin/jQuery/slider/owl1.html]
[heroyooi.ivyro.net/admin/jQuery/slider/owl2.html]
[heroyooi.ivyro.net/admin/jQuery/slider/owl3.html]
[heroyooi.ivyro.net/admin/jQuery/slider/owl4.html]
[heroyooi.ivyro.net/admin/jQuery/slider/owl5.html]
[heroyooi.ivyro.net/admin/jQuery/slider/owl6.html]
[heroyooi.ivyro.net/admin/jQuery/slider/img/owl2/vis1.jpg]
[heroyooi.ivyro.net/admin/jQuery/slider/img/owl2/vis2.jpg]
[heroyooi.ivyro.net/admin/jQuery/slider/img/owl2/vis3.jpg]
[heroyooi.ivyro.net/admin/jQuery/slider/img/owl2/arrow_l.png]
[heroyooi.ivyro.net/admin/jQuery/slider/img/owl2/arrow_r.png]
[heroyooi.ivyro.net/admin/jQuery/slider/owl7.html]
[heroyooi.ivyro.net/admin/jQuery/common/js/owl.carousel2.js]
[heroyooi.ivyro.net/admin/jQuery/slider/owl8.html]
[heroyooi.ivyro.net/admin/jQuery/slider/img/jsjps/fac_dimm.png]
[heroyooi.ivyro.net/admin/jQuery/slider/img/jsjps/img1.jpg]
[heroyooi.ivyro.net/admin/jQuery/slider/img/jsjps/img2.jpg]
[heroyooi.ivyro.net/admin/jQuery/slider/img/jsjps/img3.jpg]
[heroyooi.ivyro.net/admin/jQuery/slider/img/jsjps/img4.jpg]
[heroyooi.ivyro.net/admin/jQuery/slider/img/jsjps/img5.jpg]
[heroyooi.ivyro.net/admin/jQuery/slider/img/jsjps/img6.jpg]
[heroyooi.ivyro.net/admin/jQuery/slider/img/jsjps/img7.jpg]
[heroyooi.ivyro.net/admin/jQuery/slider/img/jsjps/img8.jpg]
[heroyooi.ivyro.net/admin/jQuery/slider/img/jsjps/img9.jpg]
[heroyooi.ivyro.net/admin/jQuery/slider/img/jsjps/img10.jpg]
[heroyooi.ivyro.net/admin/jQuery/slider/img/jsjps/fac_prev.png]
[heroyooi.ivyro.net/admin/jQuery/slider/img/jsjps/fac_next.png]
[heroyooi.ivyro.net/admin/jQuery/slider/img/jsjps/thum_arrow_l.jpg]
[heroyooi.ivyro.net/admin/jQuery/slider/img/jsjps/thum_arrow_r.jpg]
[heroyooi.ivyro.net/admin/jQuery/slider/owl9.html]
[heroyooi.ivyro.net/admin/jQuery/slider/owl10.html]
[heroyooi.ivyro.net/admin/jQuery/common/js/jquery.cycle2.js]
[heroyooi.ivyro.net/admin/jQuery/slider/cycle1.html]
[heroyooi.ivyro.net/admin/jQuery/slider/cycle2.html]
[heroyooi.ivyro.net/admin/jQuery/common/js/jquery.cycle2.flip.js]
[heroyooi.ivyro.net/admin/jQuery/common/js/jquery.cycle2.shuffle.js]
[heroyooi.ivyro.net/admin/jQuery/slider/cycle3.html]
[heroyooi.ivyro.net/admin/jQuery/common/js/falling.js]
[heroyooi.ivyro.net/admin/jQuery/slider/img/circle/m_left.png]
[heroyooi.ivyro.net/admin/jQuery/slider/img/circle/m_right.png]
[heroyooi.ivyro.net/admin/jQuery/slider/img/circle/snow02.png]
[heroyooi.ivyro.net/admin/jQuery/slider/img/circle/snow01.png]
[heroyooi.ivyro.net/admin/jQuery/slider/img/circle/bg.jpg]
[heroyooi.ivyro.net/admin/jQuery/slider/img/circle/m_slogan01.png]
[heroyooi.ivyro.net/admin/jQuery/slider/img/circle/m_menu01.png]
[heroyooi.ivyro.net/admin/jQuery/slider/img/circle/m_slogan02.png]
[heroyooi.ivyro.net/admin/jQuery/slider/img/circle/m_menu02.png]
[heroyooi.ivyro.net/admin/jQuery/slider/img/circle/m_slogan03.png]
[heroyooi.ivyro.net/admin/jQuery/slider/img/circle/m_menu03.png]
[heroyooi.ivyro.net/admin/jQuery/slider/img/circle/m_slogan04.png]
[heroyooi.ivyro.net/admin/jQuery/slider/img/circle/m_menu04.png]
[heroyooi.ivyro.net/admin/jQuery/slider/img/circle/m_slogan05.png]
[heroyooi.ivyro.net/admin/jQuery/slider/img/circle/m_menu05.png]
[heroyooi.ivyro.net/admin/jQuery/slider/cycle.html]
[heroyooi.ivyro.net/admin/jQuery/common/js/jquery.flexslider.js]
[heroyooi.ivyro.net/admin/jQuery/slider/img/flexslider/kitchen_adventurer_caramel.jpg]
[heroyooi.ivyro.net/admin/jQuery/slider/img/flexslider/kitchen_adventurer_cheesecake_brownie.jpg]
[heroyooi.ivyro.net/admin/jQuery/slider/img/flexslider/kitchen_adventurer_donut.jpg]
[heroyooi.ivyro.net/admin/jQuery/slider/img/flexslider/kitchen_adventurer_lemon.jpg]
[heroyooi.ivyro.net/admin/jQuery/slider/flexslider1.html]
[heroyooi.ivyro.net/admin/jQuery/slider/flexslider2.html]
[heroyooi.ivyro.net/admin/jQuery/slider/flexslider3.html]
[heroyooi.ivyro.net/admin/jQuery/slider/flexslider4.html]
[heroyooi.ivyro.net/admin/jQuery/slider/flexslider5.html]
[heroyooi.ivyro.net/admin/jQuery/slider/flexslider6.html]
[heroyooi.ivyro.net/admin/jQuery/common/js/slick.js]
[heroyooi.ivyro.net/admin/jQuery/slider/slick1.html]
[kenwheeler.github.io/slick/img/lazyfonz1.png]
[kenwheeler.github.io/slick/img/lazyfonz2.png]
[kenwheeler.github.io/slick/img/lazyfonz3.png]
[kenwheeler.github.io/slick/img/lazyfonz4.png]
[kenwheeler.github.io/slick/img/lazyfonz5.png]
[kenwheeler.github.io/slick/img/lazyfonz6.png]
[kenwheeler.github.io/slick/img/fonz1.png]
[kenwheeler.github.io/slick/img/fonz2.png]
[kenwheeler.github.io/slick/img/fonz3.png]
[heroyooi.ivyro.net/admin/jQuery/slider/slick2.html]
[heroyooi.ivyro.net/admin/jQuery/slider/img/slick/main_visual_prev_btn.png]
[heroyooi.ivyro.net/admin/jQuery/slider/img/slick/main_visual_next_btn.png]
[heroyooi.ivyro.net/admin/jQuery/slider/img/slick/main_visual_03.jpg]
[www.sungdokorea.com/images/main/main_visual_txt3.png]
[heroyooi.ivyro.net/admin/jQuery/slider/img/slick/main_visual_02_2.jpg]
[www.sungdokorea.com/images/main/main_visual_txt2.png]
[heroyooi.ivyro.net/admin/jQuery/slider/img/slick/main_visual_01.jpg]
[www.sungdokorea.com/images/main/main_visual_txt1.png]
[heroyooi.ivyro.net/admin/jQuery/slider/img/slick/main_visual_01_2.jpg]
[heroyooi.ivyro.net/admin/jQuery/slider/slick3.html]
[heroyooi.ivyro.net/admin/jQuery/slider/img/slick/visual_pic_1_bg.jpg]
[heroyooi.ivyro.net/admin/jQuery/slider/img/slick/visual_pic_2_bg.jpg]
[heroyooi.ivyro.net/admin/jQuery/slider/img/slick/visual_pic_3_bg.jpg]
[heroyooi.ivyro.net/admin/jQuery/slider/img/slick/visual_pic_4_bg.jpg]
[heroyooi.ivyro.net/admin/jQuery/common/js/slick2.js]
[heroyooi.ivyro.net/admin/jQuery/slider/slick4.html]
[heroyooi.ivyro.net/admin/jQuery/slider/img/slick/visual_1.jpg]
[heroyooi.ivyro.net/admin/jQuery/slider/img/slick/visual_2.jpg]
[heroyooi.ivyro.net/admin/jQuery/slider/img/slick/visual_3.jpg]
[heroyooi.ivyro.net/admin/jQuery/slider/slick5.html]
[heroyooi.ivyro.net/admin/jQuery/slider/img/slick/btn_prev.png]
[heroyooi.ivyro.net/admin/jQuery/slider/img/slick/btn_next.png]
[heroyooi.ivyro.net/admin/jQuery/slider/img/slick/main_slogen.png]
[heroyooi.ivyro.net/admin/jQuery/slider/img/slick/main_visual_1.jpg]
[heroyooi.ivyro.net/admin/jQuery/slider/img/slick/main_visual_2.jpg]
[heroyooi.ivyro.net/admin/jQuery/slider/img/slick/main_visual_3.jpg]
[heroyooi.ivyro.net/admin/jQuery/slider/img/slick/main_visual_4.jpg]
[heroyooi.ivyro.net/admin/jQuery/slider/slick6.html]
[heroyooi.ivyro.net/admin/jQuery/slider/slick7.html]
[heroyooi.ivyro.net/admin/jQuery/common/slick-master/slick.min.js]
[heroyooi.ivyro.net/admin/jQuery/slider/slick8.html]
[heroyooi.ivyro.net/admin/jQuery/common/js/mixitup.min.js]
[heroyooi.ivyro.net/admin/jQuery/portfolio/img/btn/btn_code.png]
[heroyooi.ivyro.net/admin/jQuery/portfolio/img/btn/btn_code_on.png]
[www.duolac.co.kr/common/img/product/gold.jpg]
[www.duolac.co.kr/common/img/product/care.jpg]
[www.duolac.co.kr/common/img/product/wc.jpg]
[www.duolac.co.kr/common/img/product/stap_cwabal.jpg]
[www.duolac.co.kr/common/img/product/baby.jpg]
[www.duolac.co.kr/common/img/product/yamyam.jpg]
[www.duolac.co.kr/common/img/product/atp.jpg]
[www.duolac.co.kr/common/img/product/vital.jpg]
[www.duolac.co.kr/common/img/product/daily_kids.jpg]
[heroyooi.ivyro.net/admin/jQuery/portfolio/01.html]
[heroyooi.ivyro.net/admin/jQuery/common/js/sortboard.js]
[heroyooi.ivyro.net/admin/jQuery/portfolio/02.html]
[heroyooi.ivyro.net/admin/jQuery/animation/img/balloon.png]
[heroyooi.ivyro.net/admin/jQuery/animation/img/iphone.png]
[heroyooi.ivyro.net/admin/jQuery/animation/ani1.html]
[heroyooi.ivyro.net/admin/jQuery/common/js/jquery.transit.js]
[heroyooi.ivyro.net/admin/jQuery/animation/img/valentine_bird01.png]
[heroyooi.ivyro.net/admin/jQuery/animation/img/valentine_bird02.png]
[heroyooi.ivyro.net/admin/jQuery/animation/rotate1.html]
[heroyooi.ivyro.net/admin/jQuery/animation/swing1.html]
[heroyooi.ivyro.net/admin/jQuery/common/js/jquery.flip.js]
[heroyooi.ivyro.net/admin/jQuery/animation/img/masonry/portfolio_img01.jpg]
[heroyooi.ivyro.net/admin/jQuery/animation/img/masonry/portfolio_img02.jpg]
[heroyooi.ivyro.net/admin/jQuery/animation/img/masonry/portfolio_img03.jpg]
[heroyooi.ivyro.net/admin/jQuery/animation/img/masonry/portfolio_img04.jpg]
[heroyooi.ivyro.net/admin/jQuery/animation/img/masonry/portfolio_img05.jpg]
[heroyooi.ivyro.net/admin/jQuery/animation/img/masonry/portfolio_img06.jpg]
[heroyooi.ivyro.net/admin/jQuery/animation/masonry.html]
[heroyooi.ivyro.net/origin/img/portfolio/mlimited.jpg]
[heroyooi.ivyro.net/origin/img/portfolio/tokyosteak_mob.jpg]
[heroyooi.ivyro.net/origin/img/portfolio/tokyosteak.jpg]
[heroyooi.ivyro.net/origin/img/portfolio/duolac.jpg]
[heroyooi.ivyro.net/origin/img/portfolio/jsjps_mobile.jpg]
[heroyooi.ivyro.net/origin/img/portfolio/jsjps.jpg]
[heroyooi.ivyro.net/origin/img/portfolio/theridge.jpg]
[heroyooi.ivyro.net/origin/img/portfolio/lesmiserable_mob.jpg]
[heroyooi.ivyro.net/origin/img/portfolio/lesmiserable.jpg]
[heroyooi.ivyro.net/origin/img/portfolio/youngran.jpg]
[heroyooi.ivyro.net/admin/jQuery/common/js/masonry.pkgd.min.js]
[heroyooi.ivyro.net/admin/jQuery/animation/flexible_list.html]
[heroyooi.ivyro.net/admin/jQuery/animation/flexible_list_mob.html]
[heroyooi.ivyro.net/admin/jQuery/common/js/spritespin.js]
[heroyooi.ivyro.net/admin/jQuery/animation/img/spin/bl_rotation.png]
[heroyooi.ivyro.net/admin/jQuery/animation/img/spin/new_stepani.001.jpg]
[heroyooi.ivyro.net/admin/jQuery/animation/img/spin/new_stepani.002.jpg]
[heroyooi.ivyro.net/admin/jQuery/animation/img/spin/new_stepani.003.jpg]
[heroyooi.ivyro.net/admin/jQuery/animation/img/spin/new_stepani.004.jpg]
[heroyooi.ivyro.net/admin/jQuery/animation/img/spin/new_stepani.005.jpg]
[heroyooi.ivyro.net/admin/jQuery/animation/img/spin/new_stepani.006.jpg]
[heroyooi.ivyro.net/admin/jQuery/animation/img/spin/new_stepani.007.jpg]
[heroyooi.ivyro.net/admin/jQuery/animation/img/spin/new_stepani.008.jpg]
[heroyooi.ivyro.net/admin/jQuery/animation/img/spin/new_stepani.009.jpg]
[heroyooi.ivyro.net/admin/jQuery/animation/img/spin/new_stepani.010.jpg]
[heroyooi.ivyro.net/admin/jQuery/animation/img/spin/new_stepani.011.jpg]
[heroyooi.ivyro.net/admin/jQuery/animation/img/spin/new_stepani.012.jpg]
[heroyooi.ivyro.net/admin/jQuery/animation/img/spin/new_stepani.013.jpg]
[heroyooi.ivyro.net/admin/jQuery/animation/img/spin/new_stepani.014.jpg]
[heroyooi.ivyro.net/admin/jQuery/animation/img/spin/new_stepani.015.jpg]
[heroyooi.ivyro.net/admin/jQuery/animation/img/spin/new_stepani.016.jpg]
[heroyooi.ivyro.net/admin/jQuery/animation/img/spin/new_stepani.017.jpg]
[heroyooi.ivyro.net/admin/jQuery/animation/img/spin/new_stepani.018.jpg]
[heroyooi.ivyro.net/admin/jQuery/animation/img/spin/new_stepani.019.jpg]
[heroyooi.ivyro.net/admin/jQuery/animation/img/spin/new_stepani.020.jpg]
[heroyooi.ivyro.net/admin/jQuery/animation/img/spin/jackie_001.jpg]
[heroyooi.ivyro.net/admin/jQuery/animation/img/spin/jackie_002.jpg]
[heroyooi.ivyro.net/admin/jQuery/animation/img/spin/jackie_003.jpg]
[heroyooi.ivyro.net/admin/jQuery/animation/img/spin/jackie_004.jpg]
[heroyooi.ivyro.net/admin/jQuery/animation/img/spin/jackie_005.jpg]
[heroyooi.ivyro.net/admin/jQuery/animation/img/spin/jackie_006.jpg]
[heroyooi.ivyro.net/admin/jQuery/animation/img/spin/jackie_007.jpg]
[heroyooi.ivyro.net/admin/jQuery/animation/img/spin/jackie_008.jpg]
[heroyooi.ivyro.net/admin/jQuery/animation/img/spin/jackie_009.jpg]
[heroyooi.ivyro.net/admin/jQuery/animation/img/spin/jackie_010.jpg]
[heroyooi.ivyro.net/admin/jQuery/animation/img/spin/jackie_011.jpg]
[heroyooi.ivyro.net/admin/jQuery/animation/img/spin/jackie_012.jpg]
[heroyooi.ivyro.net/admin/jQuery/animation/img/spin/jackie_013.jpg]
[heroyooi.ivyro.net/admin/jQuery/animation/img/spin/jackie_014.jpg]
[heroyooi.ivyro.net/admin/jQuery/animation/img/spin/jackie_015.jpg]
[heroyooi.ivyro.net/admin/jQuery/animation/img/spin/jackie_016.jpg]
[heroyooi.ivyro.net/admin/jQuery/animation/img/spin/jackie_017.jpg]
[heroyooi.ivyro.net/admin/jQuery/animation/img/spin/jackie_018.jpg]
[heroyooi.ivyro.net/admin/jQuery/animation/img/spin/jackie_019.jpg]
[heroyooi.ivyro.net/admin/jQuery/animation/img/spin/jackie_020.jpg]
[heroyooi.ivyro.net/admin/jQuery/animation/spin360.html]
[heroyooi.ivyro.net/admin/jQuery/animation/img/water_flow.png]
[heroyooi.ivyro.net/admin/jQuery/animation/flow.html]
[heroyooi.ivyro.net/admin/jQuery/animation/snow1.html]
[heroyooi.ivyro.net/admin/jQuery/animation/img/snow.png]
[heroyooi.ivyro.net/admin/jQuery/common/js/snow.js]
[heroyooi.ivyro.net/admin/jQuery/animation/snow2.html]
[heroyooi.ivyro.net/admin/jQuery/animation/img/store/drive_through_bg.jpg]
[heroyooi.ivyro.net/admin/jQuery/animation/img/store/drive_through_rail2.png]
[heroyooi.ivyro.net/admin/jQuery/animation/img/store/drive_car.png]
[heroyooi.ivyro.net/admin/jQuery/animation/img/store/drive_through_bg.png]
[heroyooi.ivyro.net/admin/jQuery/animation/img/store/drive_through_tit.png]
[heroyooi.ivyro.net/admin/jQuery/animation/img/store/myCircle01.png]
[heroyooi.ivyro.net/admin/jQuery/animation/img/store/myText01.png]
[heroyooi.ivyro.net/admin/jQuery/animation/img/store/myCircle02.png]
[heroyooi.ivyro.net/admin/jQuery/animation/img/store/myText02.png]
[heroyooi.ivyro.net/admin/jQuery/animation/img/store/myCircle03.png]
[heroyooi.ivyro.net/admin/jQuery/animation/img/store/myText03.png]
[heroyooi.ivyro.net/admin/jQuery/animation/img/store/drive_step01.png]
[heroyooi.ivyro.net/admin/jQuery/animation/img/store/drive_step02.png]
[heroyooi.ivyro.net/admin/jQuery/animation/img/store/drive_step03.png]
[heroyooi.ivyro.net/admin/jQuery/animation/img/store/cloud_bg1.png]
[heroyooi.ivyro.net/admin/jQuery/animation/img/store/cloud_bg2.png]
[heroyooi.ivyro.net/admin/jQuery/animation/img/store/cloud_bg3.png]
[heroyooi.ivyro.net/admin/jQuery/animation/img/store/icon_store.png]
[heroyooi.ivyro.net/admin/jQuery/common/js/jquery.drive.js]
[heroyooi.ivyro.net/admin/jQuery/animation/drive.html]
[heroyooi.ivyro.net/admin/jQuery/common/js/jquery.jsmovie.js]
[heroyooi.ivyro.net/admin/jQuery/animation/jsmovie1.html]
[heroyooi.ivyro.net/admin/jQuery/animation/jsmovie2.html]
[heroyooi.ivyro.net/admin/jQuery/common/js/jquery.jsmovie.1.4.4.js]
[heroyooi.ivyro.net/admin/jQuery/common/js/jquery.firefly.js]
[heroyooi.ivyro.net/admin/jQuery/animation/firefly.html]
[heroyooi.ivyro.net/admin/jQuery/animation/img/firefly/large_fire.png]
[heroyooi.ivyro.net/admin/jQuery/animation/firefly2.html]
[heroyooi.ivyro.net/admin/jQuery/common/js/jquery.superscrollorama.js]
[heroyooi.ivyro.net/admin/jQuery/tweenmax/img/tweenmax/sight_bg.jpg]
[heroyooi.ivyro.net/admin/jQuery/tweenmax/img/tweenmax/sight_obj.png]
[heroyooi.ivyro.net/admin/jQuery/tweenmax/img/tweenmax/sight_icon01.png]
[heroyooi.ivyro.net/admin/jQuery/tweenmax/img/tweenmax/sight_icon02.png]
[heroyooi.ivyro.net/admin/jQuery/tweenmax/img/tweenmax/sight_icon03.png]
[heroyooi.ivyro.net/admin/jQuery/tweenmax/img/tweenmax/sight_obj_line.jpg]
[heroyooi.ivyro.net/admin/jQuery/tweenmax/img/tweenmax/tooltip_bg.png]
[heroyooi.ivyro.net/admin/jQuery/tweenmax/img/tweenmax/sight_circle01.png]
[heroyooi.ivyro.net/admin/jQuery/tweenmax/img/tweenmax/sight_circle02.png]
[heroyooi.ivyro.net/admin/jQuery/tweenmax/img/tweenmax/sight_circle03.png]
[heroyooi.ivyro.net/admin/jQuery/tweenmax/img/tweenmax/sight_tit.png]
[heroyooi.ivyro.net/admin/jQuery/tweenmax/img/tweenmax/sight_tit_line.jpg]
[heroyooi.ivyro.net/admin/jQuery/tweenmax/img/tweenmax/sight_center_ramada.png]
[heroyooi.ivyro.net/admin/jQuery/tweenmax/img/tweenmax/sight_center_gps.png]
[heroyooi.ivyro.net/admin/jQuery/tweenmax/tweenmax1.html]
[heroyooi.ivyro.net/admin/jQuery/tweenmax/tweenmax2.html]
[heroyooi.ivyro.net/admin/jQuery/tweenmax/img/tweenmax/ico_more.png]
[heroyooi.ivyro.net/admin/jQuery/tweenmax/img/tweenmax/tit_line.jpg]
[heroyooi.ivyro.net/admin/jQuery/tweenmax/img/tweenmax/mp_more_bg.png]
[heroyooi.ivyro.net/admin/jQuery/tweenmax/img/tweenmax/mp_tit_line.jpg]
[heroyooi.ivyro.net/admin/jQuery/tweenmax/img/tweenmax/mp_step01.jpg]
[heroyooi.ivyro.net/admin/jQuery/tweenmax/img/tweenmax/mp_step02.jpg]
[heroyooi.ivyro.net/admin/jQuery/tweenmax/img/tweenmax/mp_step03.jpg]
[heroyooi.ivyro.net/admin/jQuery/tweenmax/img/tweenmax/mp_tit_bg.png]
[heroyooi.ivyro.net/admin/jQuery/tweenmax/img/tweenmax/cooper_bg.jpg]
[heroyooi.ivyro.net/admin/jQuery/tweenmax/img/tweenmax/mc_arrow.jpg]
[heroyooi.ivyro.net/admin/jQuery/tweenmax/img/tweenmax/mr_box_bg.png]
[heroyooi.ivyro.net/admin/jQuery/tweenmax/img/tweenmax/mw_dimm.png]
[heroyooi.ivyro.net/admin/jQuery/tweenmax/img/tweenmax/step01.png]
[heroyooi.ivyro.net/admin/jQuery/tweenmax/img/tweenmax/step02.png]
[heroyooi.ivyro.net/admin/jQuery/tweenmax/img/tweenmax/step03.png]
[heroyooi.ivyro.net/admin/jQuery/tweenmax/img/tweenmax/step04.png]
[heroyooi.ivyro.net/admin/jQuery/tweenmax/img/tweenmax/step05.png]
[heroyooi.ivyro.net/admin/jQuery/tweenmax/img/tweenmax/step06.png]
[heroyooi.ivyro.net/admin/jQuery/tweenmax/img/tweenmax/step01_on.png]
[heroyooi.ivyro.net/admin/jQuery/tweenmax/img/tweenmax/step02_on.png]
[heroyooi.ivyro.net/admin/jQuery/tweenmax/img/tweenmax/step03_on.png]
[heroyooi.ivyro.net/admin/jQuery/tweenmax/img/tweenmax/step04_on.png]
[heroyooi.ivyro.net/admin/jQuery/tweenmax/img/tweenmax/step05_on.png]
[heroyooi.ivyro.net/admin/jQuery/tweenmax/img/tweenmax/step06_on.png]
[heroyooi.ivyro.net/admin/jQuery/tweenmax/img/tweenmax/cooper_flower02.jpg]
[heroyooi.ivyro.net/admin/jQuery/tweenmax/img/tweenmax/mean_bg.jpg]
[heroyooi.ivyro.net/admin/jQuery/tweenmax/img/tweenmax/ico_dot.png]
[heroyooi.ivyro.net/admin/jQuery/tweenmax/img/tweenmax/txt_box_bg.png]
[heroyooi.ivyro.net/admin/jQuery/tweenmax/img/tweenmax/main_info_img.jpg]
[heroyooi.ivyro.net/admin/jQuery/tweenmax/img/tweenmax/mp_box01.jpg]
[heroyooi.ivyro.net/admin/jQuery/tweenmax/img/tweenmax/mp_icon01.png]
[heroyooi.ivyro.net/admin/jQuery/tweenmax/img/tweenmax/mp_box02.jpg]
[heroyooi.ivyro.net/admin/jQuery/tweenmax/img/tweenmax/mp_box03.jpg]
[heroyooi.ivyro.net/admin/jQuery/tweenmax/img/tweenmax/mp_box04.jpg]
[heroyooi.ivyro.net/admin/jQuery/tweenmax/img/tweenmax/mp_box05.jpg]
[heroyooi.ivyro.net/admin/jQuery/tweenmax/img/tweenmax/mp_box06.jpg]
[heroyooi.ivyro.net/admin/jQuery/tweenmax/img/tweenmax/middot_l.png]
[heroyooi.ivyro.net/admin/jQuery/tweenmax/img/tweenmax/middot_r.png]
[heroyooi.ivyro.net/admin/jQuery/tweenmax/img/tweenmax/cooper_flower.png]
[heroyooi.ivyro.net/admin/jQuery/tweenmax/img/tweenmax/mw_pic.jpg]
[heroyooi.ivyro.net/admin/jQuery/tweenmax/img/tweenmax/arrow_prev.jpg]
[heroyooi.ivyro.net/admin/jQuery/tweenmax/img/tweenmax/arrow_next.jpg]
[heroyooi.ivyro.net/admin/jQuery/tweenmax/tweenmax3.html]
[heroyooi.ivyro.net/admin/jQuery/tweenmax/img/tweenmax2/main_txt_clip.png]
[heroyooi.ivyro.net/admin/jQuery/tweenmax/img/tweenmax2/icon_mouse.png]
[heroyooi.ivyro.net/admin/jQuery/tweenmax/img/tweenmax2/mbox03.png]
[heroyooi.ivyro.net/admin/jQuery/tweenmax/img/tweenmax2/tit_line.jpg]
[heroyooi.ivyro.net/admin/jQuery/tweenmax/img/tweenmax2/cover_bg.png]
[heroyooi.ivyro.net/admin/jQuery/tweenmax/img/tweenmax2/main_bg2.jpg]
[heroyooi.ivyro.net/admin/jQuery/tweenmax/img/tweenmax2/main_bg3.jpg]
[heroyooi.ivyro.net/admin/jQuery/tweenmax/img/tweenmax2/main_circle1.png]
[heroyooi.ivyro.net/admin/jQuery/tweenmax/img/tweenmax2/main_circle2.png]
[heroyooi.ivyro.net/admin/jQuery/tweenmax/img/tweenmax2/btn_bg1.png]
[heroyooi.ivyro.net/admin/jQuery/tweenmax/img/tweenmax2/btn_bg2.png]
[heroyooi.ivyro.net/admin/jQuery/tweenmax/img/tweenmax2/btn_bg3.png]
[heroyooi.ivyro.net/admin/jQuery/tweenmax/img/tweenmax2/clock_bg.jpg]
[heroyooi.ivyro.net/admin/jQuery/tweenmax/img/tweenmax2/num_bg.jpg]
[heroyooi.ivyro.net/admin/jQuery/tweenmax/img/tweenmax2/vis.jpg]
[heroyooi.ivyro.net/admin/jQuery/tweenmax/img/tweenmax2/main_bg1.jpg]
[heroyooi.ivyro.net/admin/jQuery/tweenmax/img/tweenmax2/icon_tit.png]
[heroyooi.ivyro.net/admin/jQuery/tweenmax/img/tweenmax2/mbox01.png]
[heroyooi.ivyro.net/admin/jQuery/tweenmax/img/tweenmax2/btn_more.png]
[heroyooi.ivyro.net/admin/jQuery/tweenmax/img/tweenmax2/mbox02.png]
[heroyooi.ivyro.net/admin/jQuery/tweenmax/img/tweenmax2/mbox04.png]
[heroyooi.ivyro.net/admin/jQuery/tweenmax/img/tweenmax2/mbox05.png]
[heroyooi.ivyro.net/admin/jQuery/tweenmax/img/tweenmax2/mbox06.png]
[heroyooi.ivyro.net/admin/jQuery/tweenmax/img/tweenmax2/main_bg2-2.jpg]
[heroyooi.ivyro.net/admin/jQuery/tweenmax/img/tweenmax2/director_l.png]
[heroyooi.ivyro.net/admin/jQuery/tweenmax/img/tweenmax2/director_r.png]
[heroyooi.ivyro.net/admin/jQuery/tweenmax/img/tweenmax2/mbox_bg1.jpg]
[heroyooi.ivyro.net/admin/jQuery/tweenmax/img/tweenmax2/mbox_icon1.png]
[heroyooi.ivyro.net/admin/jQuery/tweenmax/img/tweenmax2/mbox_bg2.jpg]
[heroyooi.ivyro.net/admin/jQuery/tweenmax/img/tweenmax2/mbox_bg3.jpg]
[heroyooi.ivyro.net/admin/jQuery/tweenmax/img/tweenmax2/mbox_icon2.png]
[heroyooi.ivyro.net/admin/jQuery/tweenmax/tweenmax4.html]
[heroyooi.ivyro.net/admin/jQuery/common/js/skrollr.min.js]
[heroyooi.ivyro.net/admin/jQuery/tweenmax/img/tweenmax3/section-bg01.jpg]
[heroyooi.ivyro.net/admin/jQuery/tweenmax/img/tweenmax3/section-bg02.jpg]
[heroyooi.ivyro.net/admin/jQuery/tweenmax/img/tweenmax3/section01_text01.png]
[heroyooi.ivyro.net/admin/jQuery/tweenmax/img/tweenmax3/section01_text02.png]
[heroyooi.ivyro.net/admin/jQuery/tweenmax/img/tweenmax3/scroll-Mouse.png]
[heroyooi.ivyro.net/admin/jQuery/tweenmax/img/tweenmax3/section02_text.png]
[heroyooi.ivyro.net/admin/jQuery/tweenmax/tweenmax5.html]
[heroyooi.ivyro.net/admin/jQuery/common/js/isotope.pkgd.min.js]
[heroyooi.ivyro.net/admin/jQuery/common/js/jquery.parallax-1.1.3.js]
[heroyooi.ivyro.net/admin/jQuery/tweenmax/img/parallax/bg.jpg]
[heroyooi.ivyro.net/admin/jQuery/tweenmax/img/parallax/bg2.jpg]
[heroyooi.ivyro.net/admin/jQuery/tweenmax/img/parallax/s1.png]
[heroyooi.ivyro.net/admin/jQuery/tweenmax/img/parallax/s2.png]
[heroyooi.ivyro.net/admin/jQuery/tweenmax/img/parallax/s3.png]
[heroyooi.ivyro.net/admin/jQuery/tweenmax/parallax.html]
[heroyooi.ivyro.net/admin/jQuery/tweenmax/skrollr.html]
[heroyooi.ivyro.net/admin/jQuery/tweenmax/img/skrollr/bubbles.png]
[heroyooi.ivyro.net/admin/jQuery/tweenmax/img/money.png]
[heroyooi.ivyro.net/admin/jQuery/tweenmax/money.html]
[heroyooi.ivyro.net/admin/jQuery/tweenmax/img/page.jpg]
[heroyooi.ivyro.net/admin/jQuery/tweenmax/img/point.png]
[heroyooi.ivyro.net/admin/jQuery/tweenmax/point.html]
[heroyooi.ivyro.net/admin/jQuery/tweenmax/point2.html]
[heroyooi.ivyro.net/admin/jQuery/common/js/smart-zoom.js]
[heroyooi.ivyro.net/admin/jQuery/image/img/btn_x.png]
[heroyooi.ivyro.net/admin/jQuery/image/img/bpro1.png]
[heroyooi.ivyro.net/admin/jQuery/image/img/bpro2.png]
[heroyooi.ivyro.net/admin/jQuery/image/img/bpro3.png]
[heroyooi.ivyro.net/admin/jQuery/image/img/bpro4.png]
[heroyooi.ivyro.net/admin/jQuery/image/img/bpro5.png]
[heroyooi.ivyro.net/admin/jQuery/image/img/btn_zoom.png]
[heroyooi.ivyro.net/admin/jQuery/image/img/spro1.png]
[heroyooi.ivyro.net/admin/jQuery/image/img/spro2.png]
[heroyooi.ivyro.net/admin/jQuery/image/img/spro3.png]
[heroyooi.ivyro.net/admin/jQuery/image/img/spro4.png]
[heroyooi.ivyro.net/admin/jQuery/image/img/spro5.png]
[heroyooi.ivyro.net/admin/jQuery/image/zoom.html]
[heroyooi.ivyro.net/admin/jQuery/common/js/jquery.elevatezoom.js]
[heroyooi.ivyro.net/admin/jQuery/image/img/small/image1.png]
[heroyooi.ivyro.net/admin/jQuery/image/img_zoom1.html]
[heroyooi.ivyro.net/admin/jQuery/image/img_zoom2.html]
[heroyooi.ivyro.net/admin/jQuery/image/img_zoom3.html]
[heroyooi.ivyro.net/admin/jQuery/image/img/large/image1.jpg]
[heroyooi.ivyro.net/admin/jQuery/image/img/large/image2.jpg]
[heroyooi.ivyro.net/admin/jQuery/image/img/small/image2.png]
[heroyooi.ivyro.net/admin/jQuery/image/img/large/image3.jpg]
[heroyooi.ivyro.net/admin/jQuery/image/img/small/image3.png]
[heroyooi.ivyro.net/admin/jQuery/image/img/large/image4.jpg]
[heroyooi.ivyro.net/admin/jQuery/image/img/small/image4.png]
[heroyooi.ivyro.net/admin/jQuery/image/img_zoom4.html]
[heroyooi.ivyro.net/admin/jQuery/image/img_zoom5.html]
[heroyooi.ivyro.net/admin/jQuery/image/img/drag/asiana_popup_bg_dotline.png]
[heroyooi.ivyro.net/admin/jQuery/image/img/drag/asiana_popup_img_comfort_seat01.jpg]
[heroyooi.ivyro.net/admin/jQuery/image/img/drag/asiana_popup_img_comfort_seat02.jpg]
[heroyooi.ivyro.net/admin/jQuery/image/img/drag/asiana_popup_img_comfort_seat03.jpg]
[heroyooi.ivyro.net/admin/jQuery/image/img/drag/asiana_popup_img_comfort_seat04.jpg]
[heroyooi.ivyro.net/admin/jQuery/image/img/drag/asiana_popup_img_comfort_seat05.jpg]
[heroyooi.ivyro.net/admin/jQuery/image/img/drag/asiana_popup_img_comfort_seat06.jpg]
[heroyooi.ivyro.net/admin/jQuery/image/img/drag/asiana_popup_img_comfort_seat07.jpg]
[heroyooi.ivyro.net/admin/jQuery/image/img/drag/asiana_popup_img_comfort_seat08.jpg]
[heroyooi.ivyro.net/admin/jQuery/image/img/drag/asiana_popup_img_comfort_seat09.jpg]
[heroyooi.ivyro.net/admin/jQuery/image/img/drag/asiana_popup_img_comfort_seat10.jpg]
[heroyooi.ivyro.net/admin/jQuery/image/img/drag/asiana_popup_img_comfort_seat11.jpg]
[heroyooi.ivyro.net/admin/jQuery/image/img/drag/asiana_popup_img_comfort_seat12.jpg]
[heroyooi.ivyro.net/admin/jQuery/image/img/drag/asiana_popup_img_comfort_seat13.jpg]
[heroyooi.ivyro.net/admin/jQuery/image/img/drag/asiana_popup_img_comfort_seat14.jpg]
[heroyooi.ivyro.net/admin/jQuery/image/img/drag/asiana_popup_img_comfort_seat15.jpg]
[heroyooi.ivyro.net/admin/jQuery/image/img/drag/asiana_popup_img_comfort_seat16.jpg]
[heroyooi.ivyro.net/admin/jQuery/image/img/drag/asiana_popup_img_comfort_seat17.jpg]
[heroyooi.ivyro.net/admin/jQuery/image/img/drag/asiana_popup_img_comfort_seat18.jpg]
[heroyooi.ivyro.net/admin/jQuery/image/img/drag/asiana_popup_img_comfort_seat19.jpg]
[heroyooi.ivyro.net/admin/jQuery/image/img/drag/asiana_popup_img_comfort_seat20.jpg]
[heroyooi.ivyro.net/admin/jQuery/image/img/drag/asiana_popup_img_comfort_seat21.jpg]
[heroyooi.ivyro.net/admin/jQuery/image/img/drag/asiana_popup_img_comfort_seat22.jpg]
[heroyooi.ivyro.net/admin/jQuery/image/img/drag/asiana_popup_img_comfort_seat23.jpg]
[heroyooi.ivyro.net/admin/jQuery/image/img/drag/asiana_popup_img_comfort_seat24.jpg]
[heroyooi.ivyro.net/admin/jQuery/image/img/drag/asiana_popup_img_comfort_seat25.jpg]
[heroyooi.ivyro.net/admin/jQuery/image/img/drag/asiana_popup_img_comfort_seat26.jpg]
[heroyooi.ivyro.net/admin/jQuery/image/img/drag/asiana_popup_img_comfort_seat27.jpg]
[heroyooi.ivyro.net/admin/jQuery/image/img/drag/asiana_popup_img_comfort_seat28.jpg]
[heroyooi.ivyro.net/admin/jQuery/image/img/drag/asiana_popup_img_comfort_seat29.jpg]
[heroyooi.ivyro.net/admin/jQuery/image/img/drag/asiana_popup_img_comfort_seat30.jpg]
[heroyooi.ivyro.net/admin/jQuery/image/img/drag/asiana_popup_btn_drag.png]
[heroyooi.ivyro.net/admin/jQuery/image/drag_view.html]
[heroyooi.ivyro.net/admin/jQuery/common/js/jquery.lazyloadxt.js]
[heroyooi.ivyro.net/admin/jQuery/image/lazy_load1.html]
[heroyooi.ivyro.net/admin/jQuery/image/lazy_load2.html]
[heroyooi.ivyro.net/admin/jQuery/image/lazy_load3.html]
[heroyooi.ivyro.net/admin/jQuery/image/img/map.gif]
[heroyooi.ivyro.net/admin/jQuery/image/imapic.exe]
[heroyooi.ivyro.net/admin/jQuery/common/js/jquery.rwdImageMaps.js]
[heroyooi.ivyro.net/admin/jQuery/image/map.html]
[heroyooi.ivyro.net/admin/jQuery/input/01.html]
[heroyooi.ivyro.net/admin/jQuery/input/02.html]
[heroyooi.ivyro.net/admin/jQuery/input/03.html]
[heroyooi.ivyro.net/admin/jQuery/input/04.html]
[heroyooi.ivyro.net/admin/jQuery/input/img/file_default.png]
[heroyooi.ivyro.net/admin/jQuery/input/img/file_default.jpg]
[heroyooi.ivyro.net/admin/jQuery/common/js/load-image.all.min.js]
[heroyooi.ivyro.net/admin/jQuery/input/04-2.html]
[heroyooi.ivyro.net/admin/jQuery/input/04-3.html]
[heroyooi.ivyro.net/admin/jQuery/input/04-4.html]
[heroyooi.ivyro.net/admin/jQuery/common/js/jquery.ezmark.min.js]
[heroyooi.ivyro.net/admin/jQuery/input/05.html]
[heroyooi.ivyro.net/admin/jQuery/input/onlyNumber.html]
[heroyooi.ivyro.net/admin/jQuery/common/js/textcounter.min.js]
[heroyooi.ivyro.net/admin/jQuery/input/textcounter.html]
[heroyooi.ivyro.net/admin/jQuery/input/resetTextarea.html]
[heroyooi.ivyro.net/admin/jQuery/input/fileUpload.html]
[heroyooi.ivyro.net/admin/jQuery/common/js/jquery-ui.min.js]
[heroyooi.ivyro.net/admin/jQuery/common/js/jquery.chromatable.js]
[heroyooi.ivyro.net/admin/jQuery/table/img/grippie.png]
[heroyooi.ivyro.net/admin/jQuery/table/01.html]
[netdna.bootstrapcdn.com/bootstrap/3.3.5/css/bootstrap.css]
[netdna.bootstrapcdn.com/bootstrap/3.3.5/js/bootstrap.js]
[heroyooi.ivyro.net/admin/jQuery/common/js/summernote.js]
[heroyooi.ivyro.net/admin/jQuery/common/js/summernote-ko-KR.js]
[heroyooi.ivyro.net/admin/jQuery/editor/summernote.html]
[heroyooi.ivyro.net/admin/jQuery/editor/summernote2.html]
[heroyooi.ivyro.net/admin/jQuery/common/js/jquery.lettering.js]
[heroyooi.ivyro.net/admin/jQuery/common/js/jquery.textillate.js]
[heroyooi.ivyro.net/admin/jQuery/text/01.html]
[heroyooi.ivyro.net/admin/jQuery/common/js/jquery.fittext.js]
[heroyooi.ivyro.net/admin/jQuery/common/js/jquery.textillate.origin.js]
[heroyooi.ivyro.net/admin/jQuery/text/02.html]
[heroyooi.ivyro.net/admin/jQuery/common/js/jquery.textEffect.js]
[heroyooi.ivyro.net/admin/jQuery/text/03.html]
[heroyooi.ivyro.net/admin/jQuery/common/js/jquery.color.min.js]
[heroyooi.ivyro.net/admin/jQuery/common/js/jquery.animateNumber.js]
[heroyooi.ivyro.net/admin/jQuery/text/04.html]
[heroyooi.ivyro.net/admin/jQuery/common/js/blinker.js]
[heroyooi.ivyro.net/admin/jQuery/text/05.html]
[heroyooi.ivyro.net/admin/jQuery/text/img/txt_bg.png]
[heroyooi.ivyro.net/admin/jQuery/text/06.html]
[heroyooi.ivyro.net/admin/jQuery/common/js/circles.js]
[heroyooi.ivyro.net/admin/jQuery/chart/img/cal_icon01.png]
[heroyooi.ivyro.net/admin/jQuery/chart/img/cal_icon02.png]
[heroyooi.ivyro.net/admin/jQuery/chart/01.html]
[heroyooi.ivyro.net/admin/jQuery/common/js/circleChart.js]
[heroyooi.ivyro.net/admin/jQuery/chart/03.html]
[heroyooi.ivyro.net/admin/jQuery/common/js/d3.v4.min.js]
[heroyooi.ivyro.net/admin/jQuery/common/js/billboard.js]
[heroyooi.ivyro.net/admin/jQuery/chart/billboard1.html]
[heroyooi.ivyro.net/admin/jQuery/common/js/jquery-ui.js]
[heroyooi.ivyro.net/admin/jQuery/ui/datepicker1.html]
[heroyooi.ivyro.net/admin/jQuery/ui/img/cal_prev.png]
[heroyooi.ivyro.net/admin/jQuery/ui/img/cal_next.png]
[heroyooi.ivyro.net/admin/jQuery/ui/datepicker2.html]
[heroyooi.ivyro.net/admin/jQuery/ui/datepicker3.html]
[heroyooi.ivyro.net/admin/jQuery/ui/datepicker4.html]
[heroyooi.ivyro.net/admin/jQuery/ui/datepicker5.html]
[heroyooi.ivyro.net/admin/jQuery/ui/datepicker6.html]
[heroyooi.ivyro.net/admin/jQuery/ui/datepicker_new.html]
[heroyooi.ivyro.net/admin/jQuery/common/js/datepickk.js]
[heroyooi.ivyro.net/admin/jQuery/ui/datepickk1.html]
[heroyooi.ivyro.net/admin/jQuery/ui/datepickk2.html]
[heroyooi.ivyro.net/admin/jQuery/ui/img/pro_bar.png]
[heroyooi.ivyro.net/admin/jQuery/ui/progressbar.html]
[heroyooi.ivyro.net/admin/jQuery/ui/draggable1.html]
[heroyooi.ivyro.net/admin/jQuery/ui/draggable2.html]
[heroyooi.ivyro.net/admin/jQuery/ui/sortable1.html]
[heroyooi.ivyro.net/admin/jQuery/ui/sortable2.html]
[heroyooi.ivyro.net/admin/jQuery/common/js/jquery.ui.touch-punch.js]
[heroyooi.ivyro.net/admin/jQuery/ui/slider_range.html]
[heroyooi.ivyro.net/admin/jQuery/game/images/img01.jpg]
[heroyooi.ivyro.net/admin/jQuery/game/images/img02.jpg]
[heroyooi.ivyro.net/admin/jQuery/game/index.html]
[heroyooi.ivyro.net/admin/jQuery/game/js/jQueryRotateCompressed.js]
[heroyooi.ivyro.net/admin/jQuery/game/images/roulette_.png]
[heroyooi.ivyro.net/admin/jQuery/game/images/niddle.png]
[heroyooi.ivyro.net/admin/jQuery/game/roulette.html]
[heroyooi.ivyro.net/admin/jQuery/game/roulette_m.html]
[heroyooi.ivyro.net/admin/jQuery/javascript/sum1.html]
[heroyooi.ivyro.net/admin/jQuery/javascript/animateNumber.html]
[heroyooi.ivyro.net/admin/jQuery/javascript/checkDevice.html]
[heroyooi.ivyro.net/admin/jQuery/javascript/checkMobile.html]
[heroyooi.ivyro.net/admin/jQuery/javascript/flexMenu.html]
[heroyooi.ivyro.net/admin/jQuery/javascript/oop.html]
[heroyooi.ivyro.net/admin/jQuery/javascript/stopPropagation.html]
[heroyooi.ivyro.net/admin/jQuery/javascript/blockViewingSource.html]
[heroyooi.ivyro.net/admin/jQuery/javascript/yymmdd.html]
[heroyooi.ivyro.net/admin/jQuery/javascript/setInterval.html]
[heroyooi.ivyro.net/admin/jQuery/javascript/setInterval2.html]
[heroyooi.ivyro.net/admin/jQuery/javascript/setTimeout.html]
[heroyooi.ivyro.net/admin/jQuery/javascript/setTimeout2.html]
[heroyooi.ivyro.net/admin/jQuery/etc/img/select_arrow.png]
[heroyooi.ivyro.net/admin/jQuery/etc/select1.html]
[heroyooi.ivyro.net/admin/jQuery/etc/select2.html]
[heroyooi.ivyro.net/admin/jQuery/etc/select3.html]
[heroyooi.ivyro.net/admin/jQuery/etc/select4.html]
[heroyooi.ivyro.net/admin/jQuery/common/js/jquery.mCustomScrollbar.concat.min.js]
[heroyooi.ivyro.net/admin/jQuery/etc/scrollbar.html]
[heroyooi.ivyro.net/admin/jQuery/common/js/iscroll.js]
[heroyooi.ivyro.net/admin/jQuery/etc/img/iscroll/bg_custom_tab.png]
[heroyooi.ivyro.net/admin/jQuery/etc/img/iscroll/bg_side_menu.png]
[heroyooi.ivyro.net/admin/jQuery/etc/iscroll1.html]
[heroyooi.ivyro.net/admin/jQuery/etc/img/iscroll/wallet_image_01.png]
[heroyooi.ivyro.net/admin/jQuery/etc/img/iscroll/wallet_image_02.png]
[heroyooi.ivyro.net/admin/jQuery/etc/img/iscroll/wallet_image_03.png]
[heroyooi.ivyro.net/admin/jQuery/etc/img/iscroll/wallet_image_04.png]
[heroyooi.ivyro.net/admin/jQuery/etc/img/iscroll/Frida_small.jpg]
[heroyooi.ivyro.net/admin/jQuery/etc/img/iscroll/cquatre_small.jpg]
[heroyooi.ivyro.net/admin/jQuery/etc/img/iscroll/marble_small.jpg]
[heroyooi.ivyro.net/admin/jQuery/etc/img/iscroll/jewel_small.jpg]
[heroyooi.ivyro.net/admin/jQuery/etc/img/iscroll/centermarble_small.jpg]
[heroyooi.ivyro.net/admin/jQuery/etc/iscroll2.html]
[heroyooi.ivyro.net/admin/jQuery/common/js/smoothscroll.js]
[heroyooi.ivyro.net/admin/jQuery/etc/smooth_scroll.html]
[heroyooi.ivyro.net/admin/jQuery/common/js/SmoothScroll.min.js]
[heroyooi.ivyro.net/admin/jQuery/etc/smooth_scroll2.html]
[heroyooi.ivyro.net/admin/jQuery/etc/img/front.png]
[heroyooi.ivyro.net/admin/jQuery/common/js/jquery.jInvertScroll.js]
[heroyooi.ivyro.net/admin/jQuery/etc/horizon1.html]
[heroyooi.ivyro.net/admin/jQuery/etc/horizon2.html]
[heroyooi.ivyro.net/admin/jQuery/etc/scroll1.html]
[heroyooi.ivyro.net/admin/jQuery/etc/scroll2.html]
[heroyooi.ivyro.net/admin/jQuery/etc/scrollTop.html]
[heroyooi.ivyro.net/admin/jQuery/etc/each1.html]
[heroyooi.ivyro.net/admin/jQuery/etc/each2.html]
[heroyooi.ivyro.net/admin/jQuery/etc/random.html]
[heroyooi.ivyro.net/admin/jQuery/etc/settimeout.html]
[heroyooi.ivyro.net/admin/jQuery/etc/settimeout2.html]
[heroyooi.ivyro.net/admin/jQuery/etc/img/star_bg_big.png]
[heroyooi.ivyro.net/admin/jQuery/etc/eval.html]
[heroyooi.ivyro.net/admin/jQuery/common/js/jquery.raty.js]
[heroyooi.ivyro.net/admin/jQuery/etc/eval2.html]
[heroyooi.ivyro.net/admin/jQuery/etc/zoom.html]
[heroyooi.ivyro.net/admin/jQuery/etc/listmore.html]
[heroyooi.ivyro.net/admin/jQuery/etc/listmore2.html]
[heroyooi.ivyro.net/admin/jQuery/etc/app.html]
[heroyooi.ivyro.net/admin/jQuery/etc/substring.html]
[heroyooi.ivyro.net/admin/jQuery/etc/indexOf.html]
[heroyooi.ivyro.net/admin/jQuery/etc/date.html]
[heroyooi.ivyro.net/admin/jQuery/etc/img/ico_minus_2x.png]
[heroyooi.ivyro.net/admin/jQuery/etc/img/ico_plus_2x.png]
[heroyooi.ivyro.net/admin/jQuery/etc/buy_control.html]
[heroyooi.ivyro.net/admin/jQuery/etc/img/sample1.jpg]
[heroyooi.ivyro.net/admin/jQuery/etc/img/sample2.jpg]
[heroyooi.ivyro.net/admin/jQuery/etc/img/sample3.jpg]
[heroyooi.ivyro.net/admin/jQuery/etc/img/sample4.jpg]
[heroyooi.ivyro.net/admin/jQuery/etc/search_text.html]
[heroyooi.ivyro.net/admin/jQuery/common/js/lodash.min.js]
[heroyooi.ivyro.net/admin/jQuery/common/js/jquery.countdown.js]
[heroyooi.ivyro.net/admin/jQuery/etc/countdown.html]
[heroyooi.ivyro.net/admin/jQuery/etc/countdown2.html]
[heroyooi.ivyro.net/admin/jQuery/etc/img/box1.jpg]
[heroyooi.ivyro.net/admin/jQuery/etc/img/box2.jpg]
[heroyooi.ivyro.net/admin/jQuery/etc/img/box3.jpg]
[heroyooi.ivyro.net/admin/jQuery/etc/img/box4.jpg]
[heroyooi.ivyro.net/admin/jQuery/etc/countdown3.html]
[heroyooi.ivyro.net/admin/jQuery/etc/countdown4.html]
[heroyooi.ivyro.net/admin/jQuery/common/js/jquery.mCustomScrollbar.js]
[heroyooi.ivyro.net/admin/jQuery/etc/img/kakao/kakao_talk.png]
[heroyooi.ivyro.net/admin/jQuery/etc/img/kakao/kakao_talk_r.png]
[heroyooi.ivyro.net/origin/img/contact/syw.jpg]
[heroyooi.ivyro.net/admin/jQuery/etc/img/kakao/smail.jpg]
[heroyooi.ivyro.net/admin/jQuery/etc/kakao_talk.html]
[heroyooi.ivyro.net/admin/jQuery/etc/array_each.html]
[heroyooi.ivyro.net/admin/jQuery/common/js/placeholders.min.js]
[heroyooi.ivyro.net/admin/jQuery/etc/placeholder.html]
[heroyooi.ivyro.net/admin/jQuery/etc/img/event_img01.jpg]
[heroyooi.ivyro.net/admin/jQuery/etc/responsive_area.html]
[heroyooi.ivyro.net/admin/jQuery/popup/windowpop.html]
[heroyooi.ivyro.net/admin/jQuery/common/js/jquery.cookie.js]
[heroyooi.ivyro.net/admin/jQuery/popup/img/pop_line.jpg]
[heroyooi.ivyro.net/admin/jQuery/popup/img/pop_close.jpg]
[heroyooi.ivyro.net/admin/jQuery/popup/img/pop01.jpg]
[heroyooi.ivyro.net/admin/jQuery/popup/img/pop02.jpg]
[heroyooi.ivyro.net/admin/jQuery/popup/img/pop03.jpg]
[heroyooi.ivyro.net/admin/jQuery/popup/layerpop.html]
[heroyooi.ivyro.net/admin/jQuery/popup/layerpop2.html]
[heroyooi.ivyro.net/admin/jQuery/popup/fix_popup.html]
[heroyooi.ivyro.net/admin/jQuery/popup/jQueryPopup.html]
[heroyooi.ivyro.net/admin/jQuery/popup/js/jquery.modal.min.js]
[heroyooi.ivyro.net/admin/jQuery/popup/jQueryModal.html]
[heroyooi.ivyro.net/admin/jQuery/popup/js/jquery.magnific-popup.min.js]
[farm9.staticflickr.com/8241/8589392310_7b6127e243_b.jpg]
[farm9.staticflickr.com/8241/8589392310_7b6127e243_s.jpg]
[farm9.staticflickr.com/8379/8588290361_ecf8c27021_b.jpg]
[farm9.staticflickr.com/8379/8588290361_ecf8c27021_s.jpg]
[farm4.staticflickr.com/3721/9207329484_ba28755ec4_o.jpg]
[farm9.staticflickr.com/8242/8558295633_f34a55c1c6_b.jpg]
[farm9.staticflickr.com/8242/8558295633_f34a55c1c6_s.jpg]
[farm9.staticflickr.com/8382/8558295631_0f56c1284f_b.jpg]
[farm9.staticflickr.com/8382/8558295631_0f56c1284f_s.jpg]
[farm9.staticflickr.com/8225/8558295635_b1c5ce2794_b.jpg]
[farm9.staticflickr.com/8225/8558295635_b1c5ce2794_s.jpg]
[farm9.staticflickr.com/8383/8563475581_df05e9906d_b.jpg]
[farm9.staticflickr.com/8383/8563475581_df05e9906d_s.jpg]
[farm9.staticflickr.com/8235/8559402846_8b7f82e05d_b.jpg]
[farm9.staticflickr.com/8235/8559402846_8b7f82e05d_s.jpg]
[farm9.staticflickr.com/8235/8558295467_e89e95e05a_b.jpg]
[farm9.staticflickr.com/8235/8558295467_e89e95e05a_s.jpg]
[farm9.staticflickr.com/8378/8559402848_9fcd90d20b_b.jpg]
[farm9.staticflickr.com/8378/8559402848_9fcd90d20b_s.jpg]
[farm4.staticflickr.com/3763/9204547649_0472680945_o.jpg]
[farm4.staticflickr.com/3763/9204547649_7de96ee188_t.jpg]
[farm3.staticflickr.com/2856/9207329420_7f2a668b06_o.jpg]
[farm3.staticflickr.com/2856/9207329420_e485948b01_t.jpg]
[heroyooi.ivyro.net/admin/jQuery/popup/magnific.html]
[heroyooi.ivyro.net/admin/jQuery/api/naver.html]
[heroyooi.ivyro.net/admin/jQuery/api/naver2.html]
[heroyooi.ivyro.net/admin/jQuery/api/naver4.html]
[openapi.map.naver.com/openapi/v3/mapsa8f1.js]
[heroyooi.ivyro.net/admin/jQuery/api/googleMap.html]
[heroyooi.ivyro.net/admin/jQuery/api/img/google/anker.png]
[heroyooi.ivyro.net/admin/jQuery/api/googleMap2.html]
[heroyooi.ivyro.net/admin/jQuery/api/googleMap3.html]
[heroyooi.ivyro.net/admin/jQuery/api/googleMap4.html]
[heroyooi.ivyro.net/admin/jQuery/api/img/icon_map_sch.png]
[heroyooi.ivyro.net/admin/jQuery/api/img/icon_map_line.jpg]
[openapi.map.naver.com/openapi/v3/maps5baf.js]
[heroyooi.ivyro.net/admin/jQuery/api/img/icon_map_edge1.png]
[heroyooi.ivyro.net/admin/jQuery/api/img/icon_map_edge2.png]
[heroyooi.ivyro.net/admin/jQuery/api/img/icon_map_close.png]
[heroyooi.ivyro.net/admin/jQuery/api/mapmarkers.xml]
[heroyooi.ivyro.net/admin/jQuery/api/img/tooltip_bg.png]
[heroyooi.ivyro.net/admin/jQuery/api/googleMap5.html]
[heroyooi.ivyro.net/admin/jQuery/api/insta.html]
[developers.kakao.com/sdk/js/kakao.min.js]
[developers.kakao.com/assets/img/about/logos/kakaolink/kakaolink_btn_medium.png]
[heroyooi.ivyro.net/admin/jQuery/api/kakao.html]
[connect.facebook.net/ko_KR/sdk.js]
[heroyooi.ivyro.net/admin/jQuery/api/facebook.html]
[heroyooi.ivyro.net/admin/jQuery/api/youtube.html]
[heroyooi.ivyro.net/admin/jQuery/api/youtube2.html]
[heroyooi.ivyro.net/admin/jQuery/api/youtube3.html]
[heroyooi.ivyro.net/admin/jQuery/api/youtube4.html]
[heroyooi.ivyro.net/admin/jQuery/api/img/about_owho_insta.jpg]
[dmaps.daum.net/map_js_init/postcode.v2.js]
[heroyooi.ivyro.net/admin/jQuery/api/postcode.html]
[heroyooi.ivyro.net/admin/jQuery/special/js/webfont.js]
[heroyooi.ivyro.net/admin/jQuery/special/webfont_loader.html]
[heroyooi.ivyro.net/admin/jQuery/special/js/jquery-live-preview.js]
[heroyooi.ivyro.net/admin/jQuery/special/live_preview.html]
[ajax.googleapis.com/ajax/libs/jquery/1.5.1/jquery.min.js]
[heroyooi.ivyro.net/admin/jQuery/special/js/jquery.signaturepad.js]
[heroyooi.ivyro.net/admin/jQuery/special/signature.html]
[heroyooi.ivyro.net/admin/jQuery/accessibility/img/gnb/menu_line.gif]
[heroyooi.ivyro.net/admin/jQuery/accessibility/gnb.html]
[heroyooi.ivyro.net/admin/jQuery/accessibility/img/banner/btn_on.jpg]
[heroyooi.ivyro.net/admin/jQuery/accessibility/img/banner/visual1.jpg]
[heroyooi.ivyro.net/admin/jQuery/accessibility/img/banner/btn.jpg]
[heroyooi.ivyro.net/admin/jQuery/accessibility/img/banner/visual2.jpg]
[heroyooi.ivyro.net/admin/jQuery/accessibility/img/banner/visual3.jpg]
[heroyooi.ivyro.net/admin/jQuery/accessibility/img/banner/visual4.jpg]
[heroyooi.ivyro.net/admin/jQuery/accessibility/img/banner/visual5.jpg]
[heroyooi.ivyro.net/admin/jQuery/accessibility/rolling.html]
[heroyooi.ivyro.net/admin/jQuery/accessibility/auto_rolling.html]
[heroyooi.ivyro.net/admin/jQuery/accessibility/auto_rolling2.html]
[heroyooi.ivyro.net/admin/jQuery/study/common.js]
[heroyooi.ivyro.net/admin/jQuery/study/noConflict.html]
[heroyooi.ivyro.net/admin/jQuery/study/IIFE.html]
[heroyooi.ivyro.net/admin/jQuery/study/plugin.html]
[heroyooi.ivyro.net/admin/jQuery/study/data.html]
[heroyooi.ivyro.net/admin/jQuery/study/trim.html]
[heroyooi.ivyro.net/admin/jQuery/form/basic.html]
[heroyooi.ivyro.net/admin/jQuery/form/textarea.html]
[heroyooi.ivyro.net/admin/jQuery/tourvis/js/jquery-1.12.4.min.js]
[heroyooi.ivyro.net/admin/jQuery/tourvis/js/moment.min.js]
[heroyooi.ivyro.net/admin/jQuery/tourvis/js/jquery.daterangepicker.js]
[heroyooi.ivyro.net/admin/jQuery/tourvis/js/demo.js]
[heroyooi.ivyro.net/admin/jQuery/tourvis/daterangepicker.html]
[heroyooi.ivyro.net/admin/jQuery/index-2.html]
[heroyooi.ivyro.net/admin/jQuery/common/css/jquery.fullPage.css]
[heroyooi.ivyro.net/admin/jQuery/common/css/swiper.css]
[heroyooi.ivyro.net/admin/jQuery/common/css/loading.gif]
[heroyooi.ivyro.net/admin/jQuery/common/css/jquery.lazyloadxt.spinner.css]
[heroyooi.ivyro.net/admin/jQuery/common/css/gooey.min.css]
[heroyooi.ivyro.net/admin/jQuery/gnb/css/style.css]
[heroyooi.ivyro.net/admin/jQuery/common/css/images/bx_loader.gif]
[heroyooi.ivyro.net/admin/jQuery/common/css/images/controls.png]
[heroyooi.ivyro.net/admin/jQuery/common/css/jquery.bxslider.css]
[heroyooi.ivyro.net/admin/jQuery/common/css/idangerous.swiper.css]
[heroyooi.ivyro.net/admin/jQuery/common/css/images/bullet.png]
[heroyooi.ivyro.net/admin/jQuery/common/css/images/bullet_active.png]
[heroyooi.ivyro.net/admin/jQuery/common/css/js-image-slider.css]
[heroyooi.ivyro.net/admin/jQuery/common/css/grabbing.png]
[heroyooi.ivyro.net/admin/jQuery/common/css/owl.carousel.css]
[heroyooi.ivyro.net/admin/jQuery/common/css/AjaxLoader.gif]
[heroyooi.ivyro.net/admin/jQuery/common/css/owl.theme.css]
[heroyooi.ivyro.net/admin/jQuery/common/css/bootstrapTheme.css]
[heroyooi.ivyro.net/admin/jQuery/common/css/owl.transitions.css]
[heroyooi.ivyro.net/admin/jQuery/common/css/owl.carousel2.css]
[heroyooi.ivyro.net/admin/jQuery/common/css/animate.css]
[heroyooi.ivyro.net/admin/jQuery/common/css/font/flexslider-icon.eot]
[heroyooi.ivyro.net/admin/jQuery/common/css/font/flexslider-icond41d.eot]
[heroyooi.ivyro.net/admin/jQuery/common/css/font/flexslider-icon.woff]
[heroyooi.ivyro.net/admin/jQuery/common/css/font/flexslider-icon.ttf]
[heroyooi.ivyro.net/admin/jQuery/common/css/flexslider.css]
[heroyooi.ivyro.net/admin/jQuery/common/css/slick.css]
[heroyooi.ivyro.net/admin/jQuery/common/css/ajax-loader.gif]
[heroyooi.ivyro.net/admin/jQuery/common/css/fonts/slick.eot]
[heroyooi.ivyro.net/admin/jQuery/common/css/fonts/slickd41d.eot]
[heroyooi.ivyro.net/admin/jQuery/common/css/fonts/slick.woff]
[heroyooi.ivyro.net/admin/jQuery/common/css/fonts/slick.ttf]
[heroyooi.ivyro.net/admin/jQuery/common/css/slick-theme.css]
[heroyooi.ivyro.net/admin/jQuery/common/slick-master/slick.css]
[heroyooi.ivyro.net/admin/jQuery/common/slick-master/ajax-loader.gif]
[heroyooi.ivyro.net/admin/jQuery/common/slick-master/fonts/slick.eot]
[heroyooi.ivyro.net/admin/jQuery/common/slick-master/fonts/slickd41d.eot]
[heroyooi.ivyro.net/admin/jQuery/common/slick-master/fonts/slick.woff]
[heroyooi.ivyro.net/admin/jQuery/common/slick-master/fonts/slick.ttf]
[heroyooi.ivyro.net/admin/jQuery/common/slick-master/slick-theme.css]
[heroyooi.ivyro.net/admin/jQuery/animation/css/style.css]
[heroyooi.ivyro.net/admin/jQuery/common/css/jquery.lazyloadxt.fadein.css]
[heroyooi.ivyro.net/admin/jQuery/common/img/ck_off.png]
[heroyooi.ivyro.net/admin/jQuery/common/img/ck_on.png]
[heroyooi.ivyro.net/admin/jQuery/common/img/radio_off.png]
[heroyooi.ivyro.net/admin/jQuery/common/img/radio_on.png]
[heroyooi.ivyro.net/admin/jQuery/common/css/ezmark.css]
[netdna.bootstrapcdn.com/bootstrap/3.3.5/css/bootstrap.css]
[heroyooi.ivyro.net/admin/jQuery/common/css/font/summernote6659.eot]
[heroyooi.ivyro.net/admin/jQuery/common/css/font/summernoted41d.eot]
[heroyooi.ivyro.net/admin/jQuery/common/css/font/summernote6659.woff]
[heroyooi.ivyro.net/admin/jQuery/common/css/font/summernote6659.ttf]
[heroyooi.ivyro.net/admin/jQuery/common/css/summernote.css]
[heroyooi.ivyro.net/admin/jQuery/common/css/billboard.css]
[heroyooi.ivyro.net/admin/jQuery/common/css/images/ui-icons_444444_256x240.png]
[heroyooi.ivyro.net/admin/jQuery/common/css/images/ui-icons_777777_256x240.png]
[heroyooi.ivyro.net/admin/jQuery/common/css/images/ui-icons_555555_256x240.png]
[heroyooi.ivyro.net/admin/jQuery/common/css/images/ui-icons_ffffff_256x240.png]
[heroyooi.ivyro.net/admin/jQuery/common/css/images/ui-icons_777620_256x240.png]
[heroyooi.ivyro.net/admin/jQuery/common/css/images/ui-icons_cc0000_256x240.png]
[heroyooi.ivyro.net/admin/jQuery/common/css/jquery-ui.css]
[fonts.googleapis.com/earlyaccess/notosanskr.css]
[heroyooi.ivyro.net/admin/jQuery/common/css/datepickk.css]
[heroyooi.ivyro.net/admin/jQuery/common/css/mCSB_buttons.png]
[heroyooi.ivyro.net/admin/jQuery/common/css/jquery.mCustomScrollbar.css]
[heroyooi.ivyro.net/admin/jQuery/common/css/countdown.css]
[heroyooi.ivyro.net/admin/jQuery/popup/css/jquery.modal.min.css]
[heroyooi.ivyro.net/admin/jQuery/popup/ajax/ajax.html]
[heroyooi.ivyro.net/admin/jQuery/popup/ajax/ajax2.html]
[heroyooi.ivyro.net/admin/jQuery/popup/css/magnific-popup.css]
[heroyooi.ivyro.net/admin/jQuery/popup/css/dialog-animation.css]
[heroyooi.ivyro.net/admin/jQuery/popup/ajax/test-ajax.html]
[heroyooi.ivyro.net/admin/jQuery/popup/ajax/test-ajax-2.html]
[ssl.pstatic.net/static/maps/ux2013/sp_map_high_v2.png]
[ssl.pstatic.net/static/maps/ux2013/bg_scroll.png]
[ssl.pstatic.net/static/maps/ux2013/sp_map_vertical_v4.png]
[ssl.pstatic.net/static/maps/img/icons/sp_pins_default_v3.png]
[ssl.pstatic.net/static/maps/img/icons/sp_pins_default_v3_over.png]
[ssl.pstatic.net/static/maps/img/icons/sp_pins_default_v4.png]
[ssl.pstatic.net/static/maps/img/icons/sp_pins_spot_v3.png]
[ssl.pstatic.net/static/maps/img/icons/sp_pins_spot_v3_over.png]
[ssl.pstatic.net/static/maps/ux2013/icons/sp_pins_around.png]
[ssl.pstatic.net/static/maps/ux2013/icons/sp_pins_around_over.png]
[ssl.pstatic.net/static/maps/ux2013/icons/sp_pins_around_dmm.png]
[ssl.pstatic.net/static/maps/ux2013/icons/sp_pins_findway.png]
[ssl.pstatic.net/static/maps/img/sp_pins_other_v4.png]
[ssl.pstatic.net/static/maps/img/sp_pins_other_v4_over.png]
[ssl.pstatic.net/static/maps/ux2013/icons/sp_pins_coupon.png]
[ssl.pstatic.net/static/maps/ux2013/icons/sp_pins_coupon_over.png]
[ssl.pstatic.net/static/maps/img/icons/sp_pins_coupon_dmm.png]
[ssl.pstatic.net/static/maps/img/icons/sp_pins_ad.png]
[ssl.pstatic.net/static/maps/img/icons/sp_pins_ad_over.png]
[ssl.pstatic.net/static/maps/ux2013/icons/sp_pin_dimmed.png]
[ssl.pstatic.net/static/maps/ux2013/icons/rt_direction_s.png]
[ssl.pstatic.net/static/maps/ux2013/icons/rt_direction_b.png]
[ssl.pstatic.net/static/maps3/int_scroll.png]
[ssl.pstatic.net/static/maps2/int_zoomin.gif]
[ssl.pstatic.net/static/maps2/int_zoomout.gif]
[ssl.pstatic.net/static/maps/img/pins_ds_v4.png]
[ssl.pstatic.net/static/maps/img/pins_ds_dmm.png]
[ssl.pstatic.net/static/maps/img/sp_map_high_v9.png]
[ssl.pstatic.net/static/maps/img/sp_map_high_v8.png]
[ssl.pstatic.net/static/maps3/bar11_d7.gif]
[ssl.pstatic.net/static/maps/ux2013/sp_lwt_high.png]
[ssl.pstatic.net/static/maps/img/sp_map_v22.png]
[ssl.pstatic.net/static/maps/img/sp_map_v51.png]
[ssl.pstatic.net/static/maps/ux2013/sp_main.png]
[ssl.pstatic.net/static/maps/img/ic_vote.png]
[ssl.pstatic.net/static/maps/img/sp_map_high_v16.png]
[ssl.pstatic.net/static/maps3/sp_wind3.png]
[ssl.pstatic.net/static/maps/ux2013/sp_weather_small.png]
[ssl.pstatic.net/static/maps/img/sp_bus_icons_v2.png]
[ssl.pstatic.net/static/maps/ux2013/sp_pins_bus.png]
[ssl.pstatic.net/static/maps/ux2013/icons/sp_pins_subway.png]
[ssl.pstatic.net/static/maps/img/sp_subway-fs8_v12.png]
[ssl.pstatic.net/static/maps/ux2013/sp_subway_exit.png]
[ssl.pstatic.net/static/maps/img/sp_train_icons_v2.png]
[ssl.pstatic.net/static/maps/img/icon_info.png]
[ssl.pstatic.net/static/maps/ux2013/bar9_eb.png]
[ssl.pstatic.net/static/maps/img/sp_context_v3.png]
[ssl.pstatic.net/static/maps/img/sp_mapctrl_high-fs8_v12.png]
[ssl.pstatic.net/static/maps/img/sp_legend_v4.png]
[ssl.pstatic.net/static/maps3/bg_legend_limit3.png]
[ssl.pstatic.net/static/maps3/bu_right_spr2.png]
[ssl.pstatic.net/static/maps/img/bg_dashed.gif]
[ssl.pstatic.net/static/maps/ux2013/ic_info.png]
[ssl.pstatic.net/static/maps/ux2013/sp_findway.png]
[ssl.pstatic.net/static/maps3/sp_fw3.png]
[ssl.pstatic.net/static/maps2/ani_loading.gif]
[ssl.pstatic.net/static/maps/ux2013/bt_cfm.gif]
[ssl.pstatic.net/static/maps/ux2013/sp_subway-fs8.png]
[ssl.pstatic.net/static/maps/ux2013/info12x11.png]
[ssl.pstatic.net/static/maps3/loading18.gif]
[ssl.pstatic.net/static/maps/img/icons/sp_ico_ad4.png]
[ssl.pstatic.net/static/maps/img/ico_alert.png]
[ssl.pstatic.net/static/maps/ux2013/sp_map_vertical.png]
[ssl.pstatic.net/static/maps/img/sp_sways_v10.png]
[ssl.pstatic.net/static/maps3/sp_weather2.png]
[ssl.pstatic.net/static/maps3/sp_weather.png]
[ssl.pstatic.net/static/maps3/sp_weather_big.png]
[ssl.pstatic.net/static/maps3/cctv_spinner.gif]
[ssl.pstatic.net/static/maps3/sp_btn2_fix4.png]
[ssl.pstatic.net/static/maps2/loading18.gif]
[ssl.pstatic.net/static/maps/ux2013/sp_layers_v2.png]
[ssl.pstatic.net/static/maps/ux2013/sp_bus_tayo6.png]
[ssl.pstatic.net/static/maps/img/sp_bus_christmas.png]
[ssl.pstatic.net/static/maps/mobile_view_txt.png]
[ssl.pstatic.net/static/maps/img/bg_hover_delete_v2.png]
[ssl.pstatic.net/static/maps/img/ico_arr.png]
[heroyooi.ivyro.net/admin/jQuery/api/maps.css]
[connect.facebook.net/ko_KR/sdk.js]
[heroyooi.ivyro.net/admin/jQuery/special/css/livepreview-demo.css]
[heroyooi.ivyro.net/admin/jQuery/special/css/jquery.signaturepad.css]
[heroyooi.ivyro.net/admin/jQuery/tourvis/css/daterangepicker.min.css]
[heroyooi.ivyro.net/admin/jQuery/common/css/font/flexslider-icon.svg]
[heroyooi.ivyro.net/admin/jQuery/common/css/fonts/slick.svg]
[heroyooi.ivyro.net/admin/jQuery/common/slick-master/fonts/slick.svg]
